// Vitest Snapshot v1, https://vitest.dev/guide/snapshot.html

exports[`Puzzle 01 > should match the input snapshot 1`] = `
[
  [
    222304,
    138161,
  ],
  [
    288,
    161905,
  ],
  [
    174462,
    24679,
  ],
  [
    181582,
    229559,
  ],
  [
    87558,
    45775,
  ],
  [
    155080,
    78137,
  ],
  [
    185068,
    226925,
  ],
  [
    212784,
    5761,
  ],
  [
    34390,
    83807,
  ],
  [
    100840,
    176537,
  ],
  [
    215942,
    218319,
  ],
  [
    163050,
    24067,
  ],
  [
    34404,
    214021,
  ],
  [
    142820,
    121797,
  ],
  [
    68960,
    159537,
  ],
  [
    68960,
    159537,
  ],
  [
    119802,
    182419,
  ],
  [
    68960,
    159537,
  ],
  [
    75060,
    208597,
  ],
  [
    180252,
    223069,
  ],
  [
    102984,
    55801,
  ],
  [
    126598,
    173135,
  ],
  [
    29316,
    13093,
  ],
  [
    126828,
    212845,
  ],
  [
    3784,
    19001,
  ],
  [
    61800,
    49177,
  ],
  [
    52016,
    27393,
  ],
  [
    176136,
    198073,
  ],
  [
    116664,
    155881,
  ],
  [
    35946,
    92803,
  ],
  [
    70416,
    171553,
  ],
  [
    68960,
    159537,
  ],
  [
    16108,
    104045,
  ],
  [
    199068,
    37405,
  ],
  [
    52738,
    210875,
  ],
  [
    113740,
    20237,
  ],
  [
    159474,
    122731,
  ],
  [
    156748,
    195725,
  ],
  [
    210684,
    69181,
  ],
  [
    7504,
    93281,
  ],
  [
    134098,
    179915,
  ],
  [
    25636,
    77573,
  ],
  [
    104458,
    1955,
  ],
  [
    185738,
    160035,
  ],
  [
    143182,
    222839,
  ],
  [
    179764,
    116501,
  ],
  [
    66930,
    174187,
  ],
  [
    95104,
    13841,
  ],
  [
    176136,
    198073,
  ],
  [
    203782,
    25679,
  ],
  [
    192420,
    23557,
  ],
  [
    75232,
    175409,
  ],
  [
    171508,
    76565,
  ],
  [
    46080,
    104017,
  ],
  [
    193734,
    114511,
  ],
  [
    144502,
    136319,
  ],
  [
    128584,
    215801,
  ],
  [
    58492,
    74429,
  ],
  [
    159474,
    122731,
  ],
  [
    137452,
    115949,
  ],
  [
    105952,
    134129,
  ],
  [
    215942,
    218319,
  ],
  [
    155528,
    45945,
  ],
  [
    52692,
    16309,
  ],
  [
    78440,
    153177,
  ],
  [
    207694,
    19511,
  ],
  [
    111438,
    71095,
  ],
  [
    201808,
    94625,
  ],
  [
    174778,
    164435,
  ],
  [
    190482,
    194059,
  ],
  [
    174168,
    89545,
  ],
  [
    68960,
    159537,
  ],
  [
    80682,
    10819,
  ],
  [
    68960,
    159537,
  ],
  [
    153354,
    120931,
  ],
  [
    215942,
    218319,
  ],
  [
    209208,
    104425,
  ],
  [
    193360,
    135137,
  ],
  [
    125874,
    204331,
  ],
  [
    74314,
    35171,
  ],
  [
    19146,
    133603,
  ],
  [
    233048,
    224265,
  ],
  [
    101538,
    136795,
  ],
  [
    134402,
    208059,
  ],
  [
    212268,
    105325,
  ],
  [
    213768,
    60025,
  ],
  [
    206626,
    117083,
  ],
  [
    176136,
    198073,
  ],
  [
    134290,
    99467,
  ],
  [
    66408,
    217945,
  ],
  [
    143152,
    177089,
  ],
  [
    1090,
    156347,
  ],
  [
    229326,
    131383,
  ],
  [
    53250,
    74107,
  ],
  [
    58224,
    147841,
  ],
  [
    5140,
    34037,
  ],
  [
    176136,
    198073,
  ],
  [
    147030,
    87967,
  ],
  [
    3904,
    202001,
  ],
  [
    120792,
    59209,
  ],
  [
    24770,
    187707,
  ],
  [
    91652,
    99429,
  ],
  [
    226500,
    207397,
  ],
  [
    26256,
    12193,
  ],
  [
    44106,
    172963,
  ],
  [
    130948,
    41765,
  ],
  [
    186930,
    49387,
  ],
  [
    19708,
    228605,
  ],
  [
    190648,
    105065,
  ],
  [
    69340,
    194717,
  ],
  [
    23184,
    132961,
  ],
  [
    119208,
    23065,
  ],
  [
    230024,
    91641,
  ],
  [
    56788,
    88565,
  ],
  [
    176136,
    198073,
  ],
  [
    71538,
    109675,
  ],
  [
    36266,
    36483,
  ],
  [
    20962,
    228059,
  ],
  [
    83524,
    83621,
  ],
  [
    131238,
    172975,
  ],
  [
    212776,
    164633,
  ],
  [
    106376,
    111993,
  ],
  [
    69464,
    181641,
  ],
  [
    68960,
    159537,
  ],
  [
    91192,
    20009,
  ],
  [
    159474,
    122731,
  ],
  [
    32728,
    22025,
  ],
  [
    159474,
    122731,
  ],
  [
    201894,
    194671,
  ],
  [
    159474,
    122731,
  ],
  [
    159474,
    122731,
  ],
  [
    3384,
    31081,
  ],
  [
    87240,
    120697,
  ],
  [
    66474,
    131971,
  ],
  [
    223210,
    166787,
  ],
  [
    207388,
    206045,
  ],
  [
    155542,
    176159,
  ],
  [
    14228,
    114165,
  ],
  [
    203008,
    58385,
  ],
  [
    167458,
    198875,
  ],
  [
    229048,
    111785,
  ],
  [
    118076,
    225213,
  ],
  [
    44116,
    32693,
  ],
  [
    35284,
    821,
  ],
  [
    159474,
    122731,
  ],
  [
    100684,
    125261,
  ],
  [
    138514,
    195851,
  ],
  [
    47638,
    131615,
  ],
  [
    224530,
    80267,
  ],
  [
    28550,
    120207,
  ],
  [
    88882,
    229739,
  ],
  [
    78060,
    117997,
  ],
  [
    77024,
    46641,
  ],
  [
    215942,
    218319,
  ],
  [
    15658,
    117635,
  ],
  [
    56788,
    88565,
  ],
  [
    47332,
    84869,
  ],
  [
    10720,
    145457,
  ],
  [
    134896,
    137153,
  ],
  [
    68960,
    159537,
  ],
  [
    176136,
    198073,
  ],
  [
    198188,
    17325,
  ],
  [
    20682,
    189859,
  ],
  [
    67404,
    150541,
  ],
  [
    58842,
    63859,
  ],
  [
    118468,
    138725,
  ],
  [
    159474,
    122731,
  ],
  [
    64474,
    192371,
  ],
  [
    90616,
    28073,
  ],
  [
    150370,
    127067,
  ],
  [
    56788,
    88565,
  ],
  [
    70342,
    183119,
  ],
  [
    21636,
    198373,
  ],
  [
    8490,
    166147,
  ],
  [
    189598,
    136775,
  ],
  [
    215942,
    218319,
  ],
  [
    188368,
    127265,
  ],
  [
    70464,
    151441,
  ],
  [
    75552,
    119089,
  ],
  [
    188560,
    46817,
  ],
  [
    186860,
    98157,
  ],
  [
    171820,
    179117,
  ],
  [
    28504,
    158921,
  ],
  [
    117424,
    226241,
  ],
  [
    200122,
    42899,
  ],
  [
    152760,
    194857,
  ],
  [
    109690,
    142547,
  ],
  [
    111262,
    67079,
  ],
  [
    87430,
    21647,
  ],
  [
    169858,
    126395,
  ],
  [
    159474,
    122731,
  ],
  [
    21586,
    199883,
  ],
  [
    89332,
    216149,
  ],
  [
    117732,
    58309,
  ],
  [
    188372,
    164469,
  ],
  [
    44532,
    169429,
  ],
  [
    38620,
    2717,
  ],
  [
    17968,
    141185,
  ],
  [
    101536,
    118193,
  ],
  [
    196402,
    201899,
  ],
  [
    176136,
    198073,
  ],
  [
    128190,
    50407,
  ],
  [
    215942,
    218319,
  ],
  [
    175460,
    209157,
  ],
  [
    133402,
    4979,
  ],
  [
    169536,
    164113,
  ],
  [
    176136,
    198073,
  ],
  [
    129784,
    179561,
  ],
  [
    191968,
    18545,
  ],
  [
    20652,
    144109,
  ],
  [
    87228,
    9085,
  ],
  [
    78642,
    165739,
  ],
  [
    29462,
    204639,
  ],
  [
    43578,
    160915,
  ],
  [
    38976,
    47953,
  ],
  [
    228580,
    191237,
  ],
  [
    89232,
    219169,
  ],
  [
    176136,
    198073,
  ],
  [
    138938,
    173715,
  ],
  [
    44584,
    186521,
  ],
  [
    94810,
    78707,
  ],
  [
    213534,
    216391,
  ],
  [
    98970,
    46387,
  ],
  [
    128388,
    25765,
  ],
  [
    165310,
    49127,
  ],
  [
    33654,
    3391,
  ],
  [
    68960,
    159537,
  ],
  [
    56788,
    88565,
  ],
  [
    134988,
    59725,
  ],
  [
    166396,
    118973,
  ],
  [
    215942,
    218319,
  ],
  [
    99372,
    52909,
  ],
  [
    68992,
    223889,
  ],
  [
    167560,
    214457,
  ],
  [
    53374,
    61031,
  ],
  [
    107556,
    123013,
  ],
  [
    163850,
    233187,
  ],
  [
    68960,
    159537,
  ],
  [
    68960,
    159537,
  ],
  [
    41436,
    66973,
  ],
  [
    181112,
    57129,
  ],
  [
    99002,
    110739,
  ],
  [
    165698,
    158715,
  ],
  [
    21880,
    135017,
  ],
  [
    135208,
    6425,
  ],
  [
    54580,
    80597,
  ],
  [
    216376,
    55913,
  ],
  [
    25060,
    85637,
  ],
  [
    197348,
    136005,
  ],
  [
    190892,
    41709,
  ],
  [
    46092,
    215629,
  ],
  [
    176136,
    198073,
  ],
  [
    103026,
    213163,
  ],
  [
    94750,
    220487,
  ],
  [
    159474,
    122731,
  ],
  [
    111844,
    114821,
  ],
  [
    27794,
    87051,
  ],
  [
    104294,
    109551,
  ],
  [
    203088,
    102625,
  ],
  [
    36466,
    30443,
  ],
  [
    103034,
    54291,
  ],
  [
    71058,
    77515,
  ],
  [
    176136,
    198073,
  ],
  [
    146012,
    184029,
  ],
  [
    215316,
    227893,
  ],
  [
    68960,
    159537,
  ],
  [
    27766,
    59903,
  ],
  [
    56788,
    88565,
  ],
  [
    32380,
    51197,
  ],
  [
    56788,
    88565,
  ],
  [
    7402,
    77699,
  ],
  [
    176136,
    198073,
  ],
  [
    116700,
    24157,
  ],
  [
    158880,
    196657,
  ],
  [
    111002,
    214899,
  ],
  [
    149724,
    183901,
  ],
  [
    172620,
    154957,
  ],
  [
    36912,
    212929,
  ],
  [
    159474,
    122731,
  ],
  [
    204172,
    153869,
  ],
  [
    215942,
    218319,
  ],
  [
    189718,
    86495,
  ],
  [
    52104,
    146041,
  ],
  [
    24430,
    58007,
  ],
  [
    56788,
    88565,
  ],
  [
    213920,
    74097,
  ],
  [
    12380,
    188637,
  ],
  [
    64228,
    3845,
  ],
  [
    142422,
    152479,
  ],
  [
    28312,
    6089,
  ],
  [
    185648,
    22785,
  ],
  [
    27460,
    13157,
  ],
  [
    159474,
    122731,
  ],
  [
    28790,
    19647,
  ],
  [
    70976,
    14673,
  ],
  [
    96634,
    14291,
  ],
  [
    132722,
    212139,
  ],
  [
    118242,
    136219,
  ],
  [
    78478,
    40055,
  ],
  [
    130380,
    124237,
  ],
  [
    54070,
    2687,
  ],
  [
    145318,
    27695,
  ],
  [
    12110,
    10167,
  ],
  [
    75512,
    213609,
  ],
  [
    176136,
    198073,
  ],
  [
    18764,
    79821,
  ],
  [
    65290,
    83747,
  ],
  [
    159474,
    122731,
  ],
  [
    185348,
    31845,
  ],
  [
    192404,
    108021,
  ],
  [
    75008,
    191505,
  ],
  [
    29268,
    33205,
  ],
  [
    178470,
    211567,
  ],
  [
    215942,
    218319,
  ],
  [
    193916,
    174333,
  ],
  [
    134460,
    47677,
  ],
  [
    162978,
    54235,
  ],
  [
    101614,
    143831,
  ],
  [
    64072,
    185849,
  ],
  [
    111612,
    56509,
  ],
  [
    189884,
    230781,
  ],
  [
    211038,
    95815,
  ],
  [
    225488,
    125985,
  ],
  [
    61010,
    166347,
  ],
  [
    231952,
    61409,
  ],
  [
    56788,
    88565,
  ],
  [
    187868,
    142365,
  ],
  [
    81856,
    199313,
  ],
  [
    37506,
    139003,
  ],
  [
    111842,
    96219,
  ],
  [
    171120,
    200257,
  ],
  [
    159474,
    122731,
  ],
  [
    2370,
    164347,
  ],
  [
    20176,
    149153,
  ],
  [
    191442,
    25099,
  ],
  [
    218548,
    195605,
  ],
  [
    170924,
    10221,
  ],
  [
    159474,
    122731,
  ],
  [
    78032,
    90849,
  ],
  [
    229396,
    82613,
  ],
  [
    176136,
    198073,
  ],
  [
    98284,
    197741,
  ],
  [
    167770,
    68147,
  ],
  [
    102948,
    187525,
  ],
  [
    125962,
    89699,
  ],
  [
    169524,
    52501,
  ],
  [
    117808,
    65345,
  ],
  [
    225284,
    94821,
  ],
  [
    154342,
    212399,
  ],
  [
    85680,
    74497,
  ],
  [
    31640,
    166857,
  ],
  [
    95012,
    91269,
  ],
  [
    90476,
    125613,
  ],
  [
    192908,
    130125,
  ],
  [
    93312,
    142609,
  ],
  [
    68960,
    159537,
  ],
  [
    77146,
    14963,
  ],
  [
    219864,
    71881,
  ],
  [
    157848,
    162505,
  ],
  [
    48084,
    80821,
  ],
  [
    61836,
    150733,
  ],
  [
    95686,
    61583,
  ],
  [
    23258,
    121395,
  ],
  [
    56788,
    88565,
  ],
  [
    109146,
    214963,
  ],
  [
    167770,
    68147,
  ],
  [
    27038,
    53895,
  ],
  [
    46912,
    144209,
  ],
  [
    226428,
    4285,
  ],
  [
    229626,
    122323,
  ],
  [
    8632,
    87209,
  ],
  [
    5254,
    161231,
  ],
  [
    163840,
    140177,
  ],
  [
    165196,
    155213,
  ],
  [
    223976,
    59673,
  ],
  [
    176136,
    198073,
  ],
  [
    89268,
    87445,
  ],
  [
    56788,
    88565,
  ],
  [
    110124,
    213421,
  ],
  [
    108552,
    55609,
  ],
  [
    61984,
    127601,
  ],
  [
    45894,
    6991,
  ],
  [
    94362,
    110899,
  ],
  [
    56552,
    226329,
  ],
  [
    76520,
    24537,
  ],
  [
    198504,
    157081,
  ],
  [
    113768,
    47385,
  ],
  [
    71108,
    76005,
  ],
  [
    109604,
    42501,
  ],
  [
    225172,
    219509,
  ],
  [
    72488,
    80985,
  ],
  [
    192436,
    172373,
  ],
  [
    155356,
    79133,
  ],
  [
    141138,
    107275,
  ],
  [
    157356,
    18733,
  ],
  [
    7568,
    221985,
  ],
  [
    48120,
    182377,
  ],
  [
    166278,
    187855,
  ],
  [
    56788,
    88565,
  ],
  [
    148704,
    28081,
  ],
  [
    113290,
    33827,
  ],
  [
    27616,
    64433,
  ],
  [
    167770,
    68147,
  ],
  [
    181018,
    115955,
  ],
  [
    35594,
    84771,
  ],
  [
    224128,
    73745,
  ],
  [
    195294,
    160711,
  ],
  [
    121940,
    5877,
  ],
  [
    171564,
    130861,
  ],
  [
    21526,
    108383,
  ],
  [
    112628,
    175125,
  ],
  [
    115950,
    46807,
  ],
  [
    34368,
    112465,
  ],
  [
    31058,
    119115,
  ],
  [
    12066,
    67483,
  ],
  [
    158894,
    93591,
  ],
  [
    70472,
    225849,
  ],
  [
    141094,
    164591,
  ],
  [
    148456,
    54233,
  ],
  [
    108342,
    201919,
  ],
  [
    68960,
    159537,
  ],
  [
    63154,
    45611,
  ],
  [
    10956,
    7693,
  ],
  [
    195340,
    121997,
  ],
  [
    68960,
    159537,
  ],
  [
    20234,
    222051,
  ],
  [
    67428,
    140485,
  ],
  [
    159474,
    122731,
  ],
  [
    123754,
    81731,
  ],
  [
    215942,
    218319,
  ],
  [
    77128,
    80825,
  ],
  [
    190410,
    224227,
  ],
  [
    38804,
    81141,
  ],
  [
    220310,
    21087,
  ],
  [
    170838,
    143455,
  ],
  [
    141114,
    117331,
  ],
  [
    215942,
    218319,
  ],
  [
    31730,
    70827,
  ],
  [
    149700,
    193957,
  ],
  [
    176136,
    198073,
  ],
  [
    213430,
    182207,
  ],
  [
    68960,
    159537,
  ],
  [
    5190,
    32527,
  ],
  [
    214636,
    201773,
  ],
  [
    88542,
    100039,
  ],
  [
    205990,
    33647,
  ],
  [
    7896,
    6793,
  ],
  [
    200028,
    101725,
  ],
  [
    203682,
    28699,
  ],
  [
    37862,
    184239,
  ],
  [
    105604,
    163301,
  ],
  [
    107614,
    195911,
  ],
  [
    62784,
    103441,
  ],
  [
    187642,
    139859,
  ],
  [
    6936,
    175753,
  ],
  [
    198996,
    67573,
  ],
  [
    127804,
    192701,
  ],
  [
    122612,
    190869,
  ],
  [
    116378,
    61875,
  ],
  [
    181266,
    89803,
  ],
  [
    3704,
    208041,
  ],
  [
    56474,
    200691,
  ],
  [
    66740,
    39957,
  ],
  [
    71276,
    5613,
  ],
  [
    56788,
    88565,
  ],
  [
    209802,
    30499,
  ],
  [
    128376,
    147433,
  ],
  [
    56788,
    88565,
  ],
  [
    215942,
    218319,
  ],
  [
    87742,
    124199,
  ],
  [
    215942,
    218319,
  ],
  [
    61284,
    148741,
  ],
  [
    168060,
    199357,
  ],
  [
    203338,
    95075,
  ],
  [
    11016,
    99193,
  ],
  [
    231000,
    71497,
  ],
  [
    215942,
    218319,
  ],
  [
    56788,
    88565,
  ],
  [
    108092,
    209469,
  ],
  [
    162420,
    229717,
  ],
  [
    26282,
    20739,
  ],
  [
    7972,
    13829,
  ],
  [
    167770,
    68147,
  ],
  [
    215942,
    218319,
  ],
  [
    159474,
    122731,
  ],
  [
    114140,
    8157,
  ],
  [
    176136,
    198073,
  ],
  [
    62670,
    209527,
  ],
  [
    8240,
    173697,
  ],
  [
    61672,
    25049,
  ],
  [
    203568,
    134785,
  ],
  [
    202724,
    216261,
  ],
  [
    45244,
    26621,
  ],
  [
    217914,
    130771,
  ],
  [
    38534,
    135951,
  ],
  [
    232020,
    227317,
  ],
  [
    68960,
    159537,
  ],
  [
    167770,
    68147,
  ],
  [
    31912,
    130649,
  ],
  [
    215942,
    218319,
  ],
  [
    74000,
    147297,
  ],
  [
    168386,
    198843,
  ],
  [
    123310,
    151127,
  ],
  [
    192542,
    225159,
  ],
  [
    102432,
    53809,
  ],
  [
    13050,
    121747,
  ],
  [
    98596,
    67013,
  ],
  [
    159474,
    122731,
  ],
  [
    176136,
    198073,
  ],
  [
    167770,
    68147,
  ],
  [
    157174,
    192191,
  ],
  [
    159474,
    122731,
  ],
  [
    202098,
    225835,
  ],
  [
    149080,
    26057,
  ],
  [
    68960,
    159537,
  ],
  [
    27732,
    210229,
  ],
  [
    182914,
    21371,
  ],
  [
    39498,
    4195,
  ],
  [
    98498,
    88635,
  ],
  [
    176136,
    198073,
  ],
  [
    186356,
    76053,
  ],
  [
    56788,
    88565,
  ],
  [
    56788,
    88565,
  ],
  [
    120094,
    98951,
  ],
  [
    106562,
    209019,
  ],
  [
    50530,
    202907,
  ],
  [
    81118,
    100295,
  ],
  [
    112468,
    86645,
  ],
  [
    225922,
    196859,
  ],
  [
    16606,
    70343,
  ],
  [
    223604,
    98901,
  ],
  [
    215942,
    218319,
  ],
  [
    68960,
    159537,
  ],
  [
    212712,
    35929,
  ],
  [
    93172,
    6869,
  ],
  [
    119070,
    139207,
  ],
  [
    185822,
    8199,
  ],
  [
    190184,
    221721,
  ],
  [
    151272,
    118489,
  ],
  [
    80812,
    53549,
  ],
  [
    126402,
    216379,
  ],
  [
    100514,
    177051,
  ],
  [
    56788,
    88565,
  ],
  [
    176136,
    198073,
  ],
  [
    144966,
    19663,
  ],
  [
    68960,
    159537,
  ],
  [
    117164,
    140781,
  ],
  [
    58486,
    18623,
  ],
  [
    190358,
    207135,
  ],
  [
    185280,
    99217,
  ],
  [
    224262,
    153679,
  ],
  [
    20990,
    21927,
  ],
  [
    144132,
    194149,
  ],
  [
    43282,
    207179,
  ],
  [
    8666,
    170163,
  ],
  [
    151948,
    107405,
  ],
  [
    221400,
    128137,
  ],
  [
    105480,
    176377,
  ],
  [
    56888,
    85545,
  ],
  [
    190872,
    88969,
  ],
  [
    21452,
    119949,
  ],
  [
    189852,
    166429,
  ],
  [
    134310,
    52207,
  ],
  [
    132134,
    108591,
  ],
  [
    75516,
    17533,
  ],
  [
    7714,
    180251,
  ],
  [
    68960,
    159537,
  ],
  [
    217284,
    103141,
  ],
  [
    153834,
    153091,
  ],
  [
    55746,
    194683,
  ],
  [
    201366,
    182623,
  ],
  [
    1686,
    101023,
  ],
  [
    210560,
    82257,
  ],
  [
    220458,
    231235,
  ],
  [
    56788,
    88565,
  ],
  [
    68960,
    159537,
  ],
  [
    56788,
    88565,
  ],
  [
    85282,
    105179,
  ],
  [
    176136,
    198073,
  ],
  [
    167770,
    68147,
  ],
  [
    215942,
    218319,
  ],
  [
    176136,
    198073,
  ],
  [
    218542,
    139799,
  ],
  [
    200572,
    29309,
  ],
  [
    64202,
    228579,
  ],
  [
    113270,
    81087,
  ],
  [
    60054,
    139231,
  ],
  [
    56788,
    88565,
  ],
  [
    211238,
    89775,
  ],
  [
    47876,
    12453,
  ],
  [
    68960,
    159537,
  ],
  [
    56788,
    88565,
  ],
  [
    100010,
    154947,
  ],
  [
    167966,
    24903,
  ],
  [
    160966,
    3023,
  ],
  [
    109574,
    230031,
  ],
  [
    32984,
    70281,
  ],
  [
    170130,
    90187,
  ],
  [
    68960,
    159537,
  ],
  [
    228140,
    64557,
  ],
  [
    56788,
    88565,
  ],
  [
    176136,
    198073,
  ],
  [
    36176,
    132513,
  ],
  [
    152698,
    84755,
  ],
  [
    159474,
    122731,
  ],
  [
    105050,
    142707,
  ],
  [
    194562,
    117499,
  ],
  [
    48942,
    129559,
  ],
  [
    3038,
    78855,
  ],
  [
    65866,
    75683,
  ],
  [
    64332,
    38029,
  ],
  [
    115538,
    180555,
  ],
  [
    109570,
    192827,
  ],
  [
    116506,
    86003,
  ],
  [
    176136,
    198073,
  ],
  [
    82318,
    64055,
  ],
  [
    169854,
    89191,
  ],
  [
    162346,
    8003,
  ],
  [
    195428,
    7365,
  ],
  [
    167770,
    68147,
  ],
  [
    164600,
    210537,
  ],
  [
    193318,
    211055,
  ],
  [
    56788,
    88565,
  ],
  [
    54442,
    196739,
  ],
  [
    190016,
    58833,
  ],
  [
    13878,
    124735,
  ],
  [
    111116,
    108813,
  ],
  [
    216630,
    85567,
  ],
  [
    20730,
    169747,
  ],
  [
    192626,
    73323,
  ],
  [
    64924,
    178781,
  ],
  [
    72670,
    140807,
  ],
  [
    68960,
    159537,
  ],
  [
    75514,
    232211,
  ],
  [
    167770,
    68147,
  ],
  [
    61088,
    191985,
  ],
  [
    131472,
    16609,
  ],
  [
    69958,
    110735,
  ],
  [
    52352,
    119889,
  ],
  [
    159474,
    122731,
  ],
  [
    206730,
    151267,
  ],
  [
    166118,
    99375,
  ],
  [
    159474,
    122731,
  ],
  [
    83982,
    144439,
  ],
  [
    16916,
    154293,
  ],
  [
    52698,
    72115,
  ],
  [
    101554,
    52331,
  ],
  [
    167770,
    68147,
  ],
  [
    224284,
    125021,
  ],
  [
    68960,
    159537,
  ],
  [
    68960,
    159537,
  ],
  [
    8854,
    52511,
  ],
  [
    52164,
    4261,
  ],
  [
    167770,
    68147,
  ],
  [
    108576,
    45553,
  ],
  [
    78536,
    112953,
  ],
  [
    109232,
    81729,
  ],
  [
    134164,
    93941,
  ],
  [
    192784,
    143201,
  ],
  [
    176662,
    191519,
  ],
  [
    229044,
    74581,
  ],
  [
    61424,
    51201,
  ],
  [
    227000,
    192297,
  ],
  [
    29662,
    198599,
  ],
  [
    40516,
    141413,
  ],
  [
    6372,
    62149,
  ],
  [
    3032,
    23049,
  ],
  [
    194810,
    91347,
  ],
  [
    89114,
    54771,
  ],
  [
    176136,
    198073,
  ],
  [
    50910,
    4807,
  ],
  [
    100724,
    30741,
  ],
  [
    68960,
    159537,
  ],
  [
    158728,
    182585,
  ],
  [
    167770,
    68147,
  ],
  [
    159474,
    122731,
  ],
  [
    171260,
    102717,
  ],
  [
    176136,
    198073,
  ],
  [
    116208,
    113665,
  ],
  [
    151892,
    53109,
  ],
  [
    27104,
    201201,
  ],
  [
    118744,
    139721,
  ],
  [
    176136,
    198073,
  ],
  [
    87512,
    84489,
  ],
  [
    178716,
    166813,
  ],
  [
    190274,
    125691,
  ],
  [
    209384,
    108441,
  ],
  [
    45934,
    145751,
  ],
  [
    167770,
    68147,
  ],
  [
    21746,
    55083,
  ],
  [
    97742,
    55479,
  ],
  [
    107318,
    8895,
  ],
  [
    163430,
    59247,
  ],
  [
    44200,
    114137,
  ],
  [
    130416,
    225793,
  ],
  [
    167770,
    68147,
  ],
  [
    101270,
    210207,
  ],
  [
    61066,
    220643,
  ],
  [
    193908,
    99925,
  ],
  [
    215942,
    218319,
  ],
  [
    159474,
    122731,
  ],
  [
    126476,
    204813,
  ],
  [
    68960,
    159537,
  ],
  [
    61934,
    129111,
  ],
  [
    167770,
    68147,
  ],
  [
    175608,
    186025,
  ],
  [
    114110,
    195687,
  ],
  [
    215942,
    218319,
  ],
  [
    154134,
    144031,
  ],
  [
    107306,
    130563,
  ],
  [
    215942,
    218319,
  ],
  [
    215942,
    218319,
  ],
  [
    134334,
    42151,
  ],
  [
    215942,
    218319,
  ],
  [
    30062,
    186519,
  ],
  [
    68880,
    115297,
  ],
  [
    215942,
    218319,
  ],
  [
    12342,
    68479,
  ],
  [
    110912,
    77649,
  ],
  [
    194446,
    204983,
  ],
  [
    56788,
    88565,
  ],
  [
    167770,
    68147,
  ],
  [
    41156,
    28773,
  ],
  [
    24014,
    154551,
  ],
  [
    183606,
    159103,
  ],
  [
    33998,
    170295,
  ],
  [
    160938,
    209155,
  ],
  [
    215942,
    218319,
  ],
  [
    66572,
    110349,
  ],
  [
    197286,
    25903,
  ],
  [
    191396,
    63813,
  ],
  [
    57398,
    163455,
  ],
  [
    69474,
    41371,
  ],
  [
    128742,
    52399,
  ],
  [
    105806,
    175863,
  ],
  [
    159474,
    122731,
  ],
  [
    96188,
    65085,
  ],
  [
    188090,
    107667,
  ],
  [
    60874,
    67811,
  ],
  [
    215942,
    218319,
  ],
  [
    210672,
    190849,
  ],
  [
    58818,
    73915,
  ],
  [
    121272,
    91369,
  ],
  [
    100766,
    188103,
  ],
  [
    135546,
    117523,
  ],
  [
    195932,
    29469,
  ],
  [
    176136,
    198073,
  ],
  [
    14782,
    134759,
  ],
  [
    89450,
    147267,
  ],
  [
    82646,
    82143,
  ],
  [
    144096,
    92593,
  ],
  [
    43726,
    137783,
  ],
  [
    43340,
    46797,
  ],
  [
    29306,
    153363,
  ],
  [
    91972,
    43109,
  ],
  [
    167770,
    68147,
  ],
  [
    55130,
    63987,
  ],
  [
    159474,
    122731,
  ],
  [
    121794,
    47611,
  ],
  [
    215942,
    218319,
  ],
  [
    104546,
    120603,
  ],
  [
    101522,
    221259,
  ],
  [
    93840,
    154657,
  ],
  [
    116374,
    24671,
  ],
  [
    133136,
    96993,
  ],
  [
    106540,
    4397,
  ],
  [
    127228,
    200765,
  ],
  [
    167770,
    68147,
  ],
  [
    231536,
    157953,
  ],
  [
    59666,
    29643,
  ],
  [
    106058,
    186915,
  ],
  [
    227262,
    63079,
  ],
  [
    180944,
    127521,
  ],
  [
    13202,
    135819,
  ],
  [
    176136,
    198073,
  ],
  [
    60126,
    109063,
  ],
  [
    167770,
    68147,
  ],
  [
    161162,
    193059,
  ],
  [
    77862,
    142639,
  ],
  [
    68960,
    159537,
  ],
  [
    135824,
    137121,
  ],
  [
    156174,
    222391,
  ],
  [
    159474,
    122731,
  ],
  [
    176136,
    198073,
  ],
  [
    159474,
    122731,
  ],
  [
    141794,
    143451,
  ],
  [
    137672,
    62649,
  ],
  [
    100990,
    172007,
  ],
  [
    103790,
    87447,
  ],
  [
    159474,
    122731,
  ],
  [
    108326,
    53103,
  ],
  [
    56788,
    88565,
  ],
  [
    200452,
    79589,
  ],
  [
    159474,
    122731,
  ],
  [
    175796,
    68373,
  ],
  [
    184638,
    193255,
  ],
  [
    93400,
    27977,
  ],
  [
    102278,
    21135,
  ],
  [
    9842,
    143979,
  ],
  [
    159474,
    122731,
  ],
  [
    56788,
    88565,
  ],
  [
    141206,
    39903,
  ],
  [
    162248,
    29625,
  ],
  [
    167770,
    68147,
  ],
  [
    158506,
    217283,
  ],
  [
    108114,
    180811,
  ],
  [
    103538,
    76395,
  ],
  [
    134990,
    78327,
  ],
  [
    185480,
    93177,
  ],
  [
    68960,
    159537,
  ],
  [
    154036,
    165653,
  ],
  [
    14206,
    142823,
  ],
  [
    189380,
    208677,
  ],
  [
    107794,
    3851,
  ],
  [
    82976,
    118833,
  ],
  [
    56788,
    88565,
  ],
  [
    161582,
    133719,
  ],
  [
    185322,
    23299,
  ],
  [
    167770,
    68147,
  ],
  [
    184486,
    179183,
  ],
  [
    1280,
    57297,
  ],
  [
    56788,
    88565,
  ],
  [
    68960,
    159537,
  ],
  [
    3150,
    187447,
  ],
  [
    5306,
    178323,
  ],
  [
    36346,
    80723,
  ],
  [
    52720,
    43457,
  ],
  [
    167770,
    68147,
  ],
  [
    80124,
    186301,
  ],
  [
    149986,
    54683,
  ],
  [
    71984,
    58881,
  ],
  [
    94638,
    111895,
  ],
  [
    20136,
    10393,
  ],
  [
    215942,
    218319,
  ],
  [
    26046,
    158503,
  ],
  [
    217726,
    15143,
  ],
  [
    167770,
    68147,
  ],
  [
    215942,
    218319,
  ],
  [
    215942,
    218319,
  ],
  [
    211406,
    19383,
  ],
  [
    56788,
    88565,
  ],
  [
    159314,
    34251,
  ],
  [
    117404,
    40221,
  ],
  [
    108734,
    115431,
  ],
  [
    181936,
    22913,
  ],
  [
    58742,
    66879,
  ],
  [
    105302,
    153759,
  ],
  [
    27534,
    1591,
  ],
  [
    108074,
    42051,
  ],
  [
    176136,
    198073,
  ],
  [
    114990,
    215767,
  ],
  [
    167770,
    68147,
  ],
  [
    68960,
    159537,
  ],
  [
    73278,
    197095,
  ],
  [
    104696,
    116073,
  ],
  [
    176136,
    198073,
  ],
  [
    115652,
    74469,
  ],
  [
    84914,
    181611,
  ],
  [
    215096,
    47913,
  ],
  [
    25526,
    220863,
  ],
  [
    167770,
    68147,
  ],
  [
    159474,
    122731,
  ],
  [
    82310,
    222927,
  ],
  [
    159474,
    122731,
  ],
  [
    231066,
    218803,
  ],
  [
    199186,
    201803,
  ],
  [
    228512,
    25329,
  ],
  [
    215942,
    218319,
  ],
  [
    204640,
    74417,
  ],
  [
    167770,
    68147,
  ],
  [
    80938,
    59075,
  ],
  [
    68960,
    159537,
  ],
  [
    80378,
    215955,
  ],
  [
    23478,
    68095,
  ],
  [
    213506,
    189243,
  ],
  [
    7574,
    44511,
  ],
  [
    148770,
    175387,
  ],
  [
    78342,
    174799,
  ],
  [
    56788,
    88565,
  ],
  [
    159474,
    122731,
  ],
  [
    196978,
    193835,
  ],
  [
    167770,
    68147,
  ],
  [
    28448,
    104625,
  ],
  [
    174838,
    22655,
  ],
  [
    83816,
    153,
  ],
  [
    32622,
    202519,
  ],
  [
    76584,
    153241,
  ],
  [
    87182,
    47799,
  ],
  [
    183834,
    180211,
  ],
  [
    215942,
    218319,
  ],
  [
    167770,
    68147,
  ],
  [
    44310,
    204127,
  ],
  [
    16674,
    2971,
  ],
  [
    107570,
    19947,
  ],
  [
    68960,
    159537,
  ],
  [
    65646,
    128983,
  ],
  [
    160064,
    11601,
  ],
  [
    171666,
    146443,
  ],
  [
    220748,
    129165,
  ],
  [
    167770,
    68147,
  ],
  [
    157712,
    63969,
  ],
  [
    31234,
    123131,
  ],
  [
    106466,
    15963,
  ],
  [
    194894,
    172791,
  ],
  [
    65116,
    98333,
  ],
  [
    215942,
    218319,
  ],
  [
    208432,
    118529,
  ],
  [
    89830,
    182447,
  ],
  [
    45692,
    227709,
  ],
  [
    215942,
    218319,
  ],
  [
    196534,
    29951,
  ],
  [
    99758,
    143895,
  ],
  [
    6398,
    70695,
  ],
  [
    213674,
    118851,
  ],
  [
    56788,
    88565,
  ],
  [
    63278,
    32535,
  ],
  [
    2290,
    120107,
  ],
  [
    137258,
    177795,
  ],
  [
    161940,
    197557,
  ],
  [
    159474,
    122731,
  ],
  [
    99254,
    121791,
  ],
  [
    164034,
    78331,
  ],
  [
    40066,
    155003,
  ],
  [
    98246,
    77583,
  ],
  [
    71896,
    173513,
  ],
  [
    102026,
    10083,
  ],
  [
    79280,
    34497,
  ],
  [
    176136,
    198073,
  ],
  [
    201884,
    101661,
  ],
  [
    56788,
    88565,
  ],
  [
    25818,
    137395,
  ],
  [
    96174,
    168151,
  ],
  [
    147356,
    87453,
  ],
  [
    22502,
    88239,
  ],
  [
    73496,
    125193,
  ],
  [
    167770,
    68147,
  ],
  [
    224718,
    195895,
  ],
  [
    178518,
    191455,
  ],
  [
    229820,
    60477,
  ],
  [
    215942,
    218319,
  ],
  [
    137568,
    28465,
  ],
  [
    56788,
    88565,
  ],
  [
    106814,
    220071,
  ],
  [
    167770,
    68147,
  ],
  [
    167770,
    68147,
  ],
  [
    4130,
    204507,
  ],
  [
    145894,
    19631,
  ],
  [
    56788,
    88565,
  ],
  [
    185692,
    198749,
  ],
  [
    6246,
    56623,
  ],
  [
    131288,
    171465,
  ],
  [
    230398,
    71015,
  ],
  [
    215942,
    218319,
  ],
  [
    218042,
    154899,
  ],
  [
    210486,
    93823,
  ],
  [
    188006,
    26223,
  ],
  [
    167770,
    68147,
  ],
  [
    68960,
    159537,
  ],
  [
    120136,
    23033,
  ],
  [
    33326,
    218583,
  ],
  [
    194420,
    196437,
  ],
  [
    114418,
    27755,
  ],
  [
    99548,
    56925,
  ],
  [
    168910,
    173687,
  ],
  [
    81196,
    125933,
  ],
  [
    10934,
    36351,
  ],
  [
    224980,
    66677,
  ],
  [
    220478,
    183975,
  ],
  [
    218210,
    84507,
  ],
  [
    127666,
    75563,
  ],
  [
    176136,
    198073,
  ],
  [
    215774,
    55431,
  ],
  [
    150548,
    149685,
  ],
  [
    207322,
    58739,
  ],
  [
    167770,
    68147,
  ],
  [
    227566,
    91223,
  ],
  [
    215942,
    218319,
  ],
  [
    136670,
    74247,
  ],
  [
    17076,
    9493,
  ],
  [
    214126,
    123863,
  ],
  [
    167770,
    68147,
  ],
  [
    176136,
    198073,
  ],
  [
    159474,
    122731,
  ],
  [
    56788,
    88565,
  ],
  [
    170776,
    33353,
  ],
  [
    216606,
    95623,
  ],
  [
    56788,
    88565,
  ],
  [
    102782,
    43239,
  ],
  [
    176136,
    198073,
  ],
  [
    139526,
    43983,
  ],
  [
    216844,
    209741,
  ],
  [
    228846,
    99223,
  ],
  [
    84578,
    89115,
  ],
  [
    214318,
    43415,
  ],
  [
    160356,
    161413,
  ],
  [
    56788,
    88565,
  ],
  [
    159474,
    122731,
  ],
  [
    176136,
    198073,
  ],
  [
    167770,
    68147,
  ],
  [
    86846,
    188583,
  ],
]
`;

exports[`Puzzle 01 > should match the output snapshot 1`] = `786`;
